<?xml version="1.0" encoding="UTF-8"?>
<TestRun id="41d11d60-b6a4-4aa9-a7d1-487e9b68b1bb" name="riande@RVR2E 2010-10-12 14:38:09" runUser="REDMOND\riande" xmlns="http://microsoft.com/schemas/VisualStudio/TeamTest/2010">
  <TestSettings name="Default Test Settings" id="22bd04b7-e669-4356-a599-dbf9f830e110">
    <Deployment runDeploymentRoot="riande_RVR2E 2010-10-12 14_38_09">
      <DeploymentItem filename="C:\tfs\MVC2\MvcContactsTDD\cs\MvcContacts\MvcContacts\bin\MvcContacts.dll" />
    </Deployment>
    <Execution>
      <TestTypeSpecific />
      <AgentRule name="Execution Agents">
      </AgentRule>
    </Execution>
  </TestSettings>
  <Times creation="2010-10-12T14:38:09.8114572-07:00" queuing="2010-10-12T14:38:24.4843317-07:00" start="2010-10-12T14:38:25.3149077-07:00" finish="2010-10-12T14:38:31.9624437-07:00" />
  <ResultSummary outcome="Completed">
    <Counters total="6" executed="6" passed="6" error="0" failed="0" timeout="0" aborted="0" inconclusive="0" passedButRunAborted="0" notRunnable="0" notExecuted="0" disconnected="0" warning="0" completed="0" inProgress="0" pending="0" />
  </ResultSummary>
  <TestDefinitions>
    <UnitTest name="Create_Post_ReturnsViewIfModelStateIsNotValid" storage="c:\tfs\mvc2\mvccontactstdd\cs\mvccontacts\mvccontacts.tests\bin\debug\mvccontacts.tests.dll" id="67c69ea6-0d39-9f1f-c761-e89de54393f6">
      <Execution id="48b718c4-2f10-4d4b-8fee-7cb9d2592d03" />
      <TestMethod codeBase="C:/tfs/MVC2/MvcContactsTDD/cs/MvcContacts/MvcContacts.Tests/bin/Debug/MvcContacts.Tests.DLL" adapterTypeName="Microsoft.VisualStudio.TestTools.TestTypes.Unit.UnitTestAdapter, Microsoft.VisualStudio.QualityTools.Tips.UnitTest.Adapter, Version=10.0.0.0, Culture=neutral, PublicKeyToken=b03f5f7f11d50a3a" className="MvcContacts.Tests.Controllers.HomeControllerTest, MvcContacts.Tests, Version=1.0.0.0, Culture=neutral, PublicKeyToken=null" name="Create_Post_ReturnsViewIfModelStateIsNotValid" />
    </UnitTest>
    <UnitTest name="Create_Post_ReturnsRedirectOnSuccess" storage="c:\tfs\mvc2\mvccontactstdd\cs\mvccontacts\mvccontacts.tests\bin\debug\mvccontacts.tests.dll" id="14b29928-f16b-4832-0c8d-d28b951b9705">
      <Execution id="52d305a5-cb10-4ec2-a6d9-8fa89c2d9db9" />
      <TestMethod codeBase="C:/tfs/MVC2/MvcContactsTDD/cs/MvcContacts/MvcContacts.Tests/bin/Debug/MvcContacts.Tests.DLL" adapterTypeName="Microsoft.VisualStudio.TestTools.TestTypes.Unit.UnitTestAdapter, Microsoft.VisualStudio.QualityTools.Tips.UnitTest.Adapter, Version=10.0.0.0, Culture=neutral, PublicKeyToken=b03f5f7f11d50a3a" className="MvcContacts.Tests.Controllers.HomeControllerTest, MvcContacts.Tests, Version=1.0.0.0, Culture=neutral, PublicKeyToken=null" name="Create_Post_ReturnsRedirectOnSuccess" />
    </UnitTest>
    <UnitTest name="Index_Get_AsksForIndexView" storage="c:\tfs\mvc2\mvccontactstdd\cs\mvccontacts\mvccontacts.tests\bin\debug\mvccontacts.tests.dll" id="b70e5ebc-8a25-4da1-faa9-0046ca2e1e9c">
      <Execution id="d916c943-1725-4389-90b3-930d25e65456" />
      <TestMethod codeBase="C:/tfs/MVC2/MvcContactsTDD/cs/MvcContacts/MvcContacts.Tests/bin/Debug/MvcContacts.Tests.DLL" adapterTypeName="Microsoft.VisualStudio.TestTools.TestTypes.Unit.UnitTestAdapter, Microsoft.VisualStudio.QualityTools.Tips.UnitTest.Adapter, Version=10.0.0.0, Culture=neutral, PublicKeyToken=b03f5f7f11d50a3a" className="MvcContacts.Tests.Controllers.HomeControllerTest, MvcContacts.Tests, Version=1.0.0.0, Culture=neutral, PublicKeyToken=null" name="Index_Get_AsksForIndexView" />
    </UnitTest>
    <UnitTest name="Index_Get_RetrievesAllContactsFromRepository" storage="c:\tfs\mvc2\mvccontactstdd\cs\mvccontacts\mvccontacts.tests\bin\debug\mvccontacts.tests.dll" id="e8fe0c79-e434-d16c-c193-74a50c73feb0">
      <Execution id="decd553e-46a6-46e1-8ea4-04bd382997ca" />
      <TestMethod codeBase="C:/tfs/MVC2/MvcContactsTDD/cs/MvcContacts/MvcContacts.Tests/bin/Debug/MvcContacts.Tests.DLL" adapterTypeName="Microsoft.VisualStudio.TestTools.TestTypes.Unit.UnitTestAdapter, Microsoft.VisualStudio.QualityTools.Tips.UnitTest.Adapter, Version=10.0.0.0, Culture=neutral, PublicKeyToken=b03f5f7f11d50a3a" className="MvcContacts.Tests.Controllers.HomeControllerTest, MvcContacts.Tests, Version=1.0.0.0, Culture=neutral, PublicKeyToken=null" name="Index_Get_RetrievesAllContactsFromRepository" />
    </UnitTest>
    <UnitTest name="Create_Post_PutsValidContactIntoRepository" storage="c:\tfs\mvc2\mvccontactstdd\cs\mvccontacts\mvccontacts.tests\bin\debug\mvccontacts.tests.dll" id="902de969-81e2-084b-f359-e6176d358789">
      <Execution id="7c826bd0-5b55-4501-886b-b896725315a0" />
      <TestMethod codeBase="C:/tfs/MVC2/MvcContactsTDD/cs/MvcContacts/MvcContacts.Tests/bin/Debug/MvcContacts.Tests.DLL" adapterTypeName="Microsoft.VisualStudio.TestTools.TestTypes.Unit.UnitTestAdapter, Microsoft.VisualStudio.QualityTools.Tips.UnitTest.Adapter, Version=10.0.0.0, Culture=neutral, PublicKeyToken=b03f5f7f11d50a3a" className="MvcContacts.Tests.Controllers.HomeControllerTest, MvcContacts.Tests, Version=1.0.0.0, Culture=neutral, PublicKeyToken=null" name="Create_Post_PutsValidContactIntoRepository" />
    </UnitTest>
    <UnitTest name="Create_Post_ReturnsViewIfRepositoryThrowsException" storage="c:\tfs\mvc2\mvccontactstdd\cs\mvccontacts\mvccontacts.tests\bin\debug\mvccontacts.tests.dll" id="da9c792e-8864-3616-8e4a-5c365fb5d76e">
      <Execution id="de0cd01e-ba86-4377-851e-76a9aeba3fd0" />
      <TestMethod codeBase="C:/tfs/MVC2/MvcContactsTDD/cs/MvcContacts/MvcContacts.Tests/bin/Debug/MvcContacts.Tests.DLL" adapterTypeName="Microsoft.VisualStudio.TestTools.TestTypes.Unit.UnitTestAdapter, Microsoft.VisualStudio.QualityTools.Tips.UnitTest.Adapter, Version=10.0.0.0, Culture=neutral, PublicKeyToken=b03f5f7f11d50a3a" className="MvcContacts.Tests.Controllers.HomeControllerTest, MvcContacts.Tests, Version=1.0.0.0, Culture=neutral, PublicKeyToken=null" name="Create_Post_ReturnsViewIfRepositoryThrowsException" />
    </UnitTest>
  </TestDefinitions>
  <TestLists>
    <TestList name="Results Not in a List" id="8c84fa94-04c1-424b-9868-57a2d4851a1d" />
    <TestList name="All Loaded Results" id="19431567-8539-422a-85d7-44ee4e166bda" />
  </TestLists>
  <TestEntries>
    <TestEntry testId="14b29928-f16b-4832-0c8d-d28b951b9705" executionId="52d305a5-cb10-4ec2-a6d9-8fa89c2d9db9" testListId="8c84fa94-04c1-424b-9868-57a2d4851a1d" />
    <TestEntry testId="67c69ea6-0d39-9f1f-c761-e89de54393f6" executionId="48b718c4-2f10-4d4b-8fee-7cb9d2592d03" testListId="8c84fa94-04c1-424b-9868-57a2d4851a1d" />
    <TestEntry testId="902de969-81e2-084b-f359-e6176d358789" executionId="7c826bd0-5b55-4501-886b-b896725315a0" testListId="8c84fa94-04c1-424b-9868-57a2d4851a1d" />
    <TestEntry testId="b70e5ebc-8a25-4da1-faa9-0046ca2e1e9c" executionId="d916c943-1725-4389-90b3-930d25e65456" testListId="8c84fa94-04c1-424b-9868-57a2d4851a1d" />
    <TestEntry testId="da9c792e-8864-3616-8e4a-5c365fb5d76e" executionId="de0cd01e-ba86-4377-851e-76a9aeba3fd0" testListId="8c84fa94-04c1-424b-9868-57a2d4851a1d" />
    <TestEntry testId="e8fe0c79-e434-d16c-c193-74a50c73feb0" executionId="decd553e-46a6-46e1-8ea4-04bd382997ca" testListId="8c84fa94-04c1-424b-9868-57a2d4851a1d" />
  </TestEntries>
  <Results>
    <UnitTestResult executionId="52d305a5-cb10-4ec2-a6d9-8fa89c2d9db9" testId="14b29928-f16b-4832-0c8d-d28b951b9705" testName="Create_Post_ReturnsRedirectOnSuccess" computerName="RVR2E" duration="00:00:00.1478537" startTime="2010-10-12T14:38:25.5481717-07:00" endTime="2010-10-12T14:38:30.9444757-07:00" testType="13cdc9d9-ddb5-4fa4-a97d-d965ccfc6d4b" outcome="Passed" testListId="8c84fa94-04c1-424b-9868-57a2d4851a1d" relativeResultsDirectory="52d305a5-cb10-4ec2-a6d9-8fa89c2d9db9">
    </UnitTestResult>
    <UnitTestResult executionId="48b718c4-2f10-4d4b-8fee-7cb9d2592d03" testId="67c69ea6-0d39-9f1f-c761-e89de54393f6" testName="Create_Post_ReturnsViewIfModelStateIsNotValid" computerName="RVR2E" duration="00:00:00.0092249" startTime="2010-10-12T14:38:30.9815637-07:00" endTime="2010-10-12T14:38:31.0254837-07:00" testType="13cdc9d9-ddb5-4fa4-a97d-d965ccfc6d4b" outcome="Passed" testListId="8c84fa94-04c1-424b-9868-57a2d4851a1d" relativeResultsDirectory="48b718c4-2f10-4d4b-8fee-7cb9d2592d03">
    </UnitTestResult>
    <UnitTestResult executionId="7c826bd0-5b55-4501-886b-b896725315a0" testId="902de969-81e2-084b-f359-e6176d358789" testName="Create_Post_PutsValidContactIntoRepository" computerName="RVR2E" duration="00:00:00.0011339" startTime="2010-10-12T14:38:31.0401237-07:00" endTime="2010-10-12T14:38:31.1142997-07:00" testType="13cdc9d9-ddb5-4fa4-a97d-d965ccfc6d4b" outcome="Passed" testListId="8c84fa94-04c1-424b-9868-57a2d4851a1d" relativeResultsDirectory="7c826bd0-5b55-4501-886b-b896725315a0">
    </UnitTestResult>
    <UnitTestResult executionId="d916c943-1725-4389-90b3-930d25e65456" testId="b70e5ebc-8a25-4da1-faa9-0046ca2e1e9c" testName="Index_Get_AsksForIndexView" computerName="RVR2E" duration="00:00:00.0008813" startTime="2010-10-12T14:38:31.1308917-07:00" endTime="2010-10-12T14:38:31.1513877-07:00" testType="13cdc9d9-ddb5-4fa4-a97d-d965ccfc6d4b" outcome="Passed" testListId="8c84fa94-04c1-424b-9868-57a2d4851a1d" relativeResultsDirectory="d916c943-1725-4389-90b3-930d25e65456">
    </UnitTestResult>
    <UnitTestResult executionId="de0cd01e-ba86-4377-851e-76a9aeba3fd0" testId="da9c792e-8864-3616-8e4a-5c365fb5d76e" testName="Create_Post_ReturnsViewIfRepositoryThrowsException" computerName="RVR2E" duration="00:00:00.1384642" startTime="2010-10-12T14:38:31.2743637-07:00" endTime="2010-10-12T14:38:31.4324757-07:00" testType="13cdc9d9-ddb5-4fa4-a97d-d965ccfc6d4b" outcome="Passed" testListId="8c84fa94-04c1-424b-9868-57a2d4851a1d" relativeResultsDirectory="de0cd01e-ba86-4377-851e-76a9aeba3fd0">
    </UnitTestResult>
    <UnitTestResult executionId="decd553e-46a6-46e1-8ea4-04bd382997ca" testId="e8fe0c79-e434-d16c-c193-74a50c73feb0" testName="Index_Get_RetrievesAllContactsFromRepository" computerName="RVR2E" duration="00:00:00.0013121" startTime="2010-10-12T14:38:31.4529717-07:00" endTime="2010-10-12T14:38:31.4754197-07:00" testType="13cdc9d9-ddb5-4fa4-a97d-d965ccfc6d4b" outcome="Passed" testListId="8c84fa94-04c1-424b-9868-57a2d4851a1d" relativeResultsDirectory="decd553e-46a6-46e1-8ea4-04bd382997ca">
    </UnitTestResult>
  </Results>
</TestRun>