<?xml version="1.0" encoding="UTF-8"?>
<TestRun id="921acab0-af37-4206-8b67-eb93eab6a31d" name="riande@RVR2E 2010-10-12 15:15:46" runUser="REDMOND\riande" xmlns="http://microsoft.com/schemas/VisualStudio/TeamTest/2010">
  <TestSettings name="Default Test Settings" id="fd896071-0fe6-498a-8bd6-a05794d89901">
    <Deployment runDeploymentRoot="riande_RVR2E 2010-10-12 15_15_46">
      <DeploymentItem filename="C:\tfs\MVC2\MvcContactsTDD\cs\MvcContacts\MvcContacts\bin\MvcContacts.dll" />
    </Deployment>
    <Execution>
      <TestTypeSpecific />
      <AgentRule name="Execution Agents">
      </AgentRule>
    </Execution>
  </TestSettings>
  <Times creation="2010-10-12T15:15:46.2788146-07:00" queuing="2010-10-12T15:15:46.3961146-07:00" start="2010-10-12T15:15:47.2289446-07:00" finish="2010-10-12T15:15:48.8183596-07:00" />
  <ResultSummary outcome="Completed">
    <Counters total="6" executed="6" passed="6" error="0" failed="0" timeout="0" aborted="0" inconclusive="0" passedButRunAborted="0" notRunnable="0" notExecuted="0" disconnected="0" warning="0" completed="0" inProgress="0" pending="0" />
  </ResultSummary>
  <TestDefinitions>
    <UnitTest name="Create_Post_ReturnsViewIfModelStateIsNotValid" storage="c:\tfs\mvc2\mvccontactstdd\cs\mvccontacts\mvccontacts.tests\bin\debug\mvccontacts.tests.dll" id="67c69ea6-0d39-9f1f-c761-e89de54393f6">
      <Execution id="18547a78-4dd9-4af0-8492-76725674d9c5" />
      <TestMethod codeBase="C:/tfs/MVC2/MvcContactsTDD/cs/MvcContacts/MvcContacts.Tests/bin/Debug/MvcContacts.Tests.DLL" adapterTypeName="Microsoft.VisualStudio.TestTools.TestTypes.Unit.UnitTestAdapter, Microsoft.VisualStudio.QualityTools.Tips.UnitTest.Adapter, Version=10.0.0.0, Culture=neutral, PublicKeyToken=b03f5f7f11d50a3a" className="MvcContacts.Tests.Controllers.HomeControllerTest, MvcContacts.Tests, Version=1.0.0.0, Culture=neutral, PublicKeyToken=null" name="Create_Post_ReturnsViewIfModelStateIsNotValid" />
    </UnitTest>
    <UnitTest name="Create_Post_ReturnsRedirectOnSuccess" storage="c:\tfs\mvc2\mvccontactstdd\cs\mvccontacts\mvccontacts.tests\bin\debug\mvccontacts.tests.dll" id="14b29928-f16b-4832-0c8d-d28b951b9705">
      <Execution id="137c02b8-917d-4bf3-a317-319c946f3d6c" />
      <TestMethod codeBase="C:/tfs/MVC2/MvcContactsTDD/cs/MvcContacts/MvcContacts.Tests/bin/Debug/MvcContacts.Tests.DLL" adapterTypeName="Microsoft.VisualStudio.TestTools.TestTypes.Unit.UnitTestAdapter, Microsoft.VisualStudio.QualityTools.Tips.UnitTest.Adapter, Version=10.0.0.0, Culture=neutral, PublicKeyToken=b03f5f7f11d50a3a" className="MvcContacts.Tests.Controllers.HomeControllerTest, MvcContacts.Tests, Version=1.0.0.0, Culture=neutral, PublicKeyToken=null" name="Create_Post_ReturnsRedirectOnSuccess" />
    </UnitTest>
    <UnitTest name="Index_Get_AsksForIndexView" storage="c:\tfs\mvc2\mvccontactstdd\cs\mvccontacts\mvccontacts.tests\bin\debug\mvccontacts.tests.dll" id="b70e5ebc-8a25-4da1-faa9-0046ca2e1e9c">
      <Execution id="9bc4281e-527c-48a3-b087-4ab2f4823c80" />
      <TestMethod codeBase="C:/tfs/MVC2/MvcContactsTDD/cs/MvcContacts/MvcContacts.Tests/bin/Debug/MvcContacts.Tests.DLL" adapterTypeName="Microsoft.VisualStudio.TestTools.TestTypes.Unit.UnitTestAdapter, Microsoft.VisualStudio.QualityTools.Tips.UnitTest.Adapter, Version=10.0.0.0, Culture=neutral, PublicKeyToken=b03f5f7f11d50a3a" className="MvcContacts.Tests.Controllers.HomeControllerTest, MvcContacts.Tests, Version=1.0.0.0, Culture=neutral, PublicKeyToken=null" name="Index_Get_AsksForIndexView" />
    </UnitTest>
    <UnitTest name="Index_Get_RetrievesAllContactsFromRepository" storage="c:\tfs\mvc2\mvccontactstdd\cs\mvccontacts\mvccontacts.tests\bin\debug\mvccontacts.tests.dll" id="e8fe0c79-e434-d16c-c193-74a50c73feb0">
      <Execution id="7a518ece-addd-43dc-ab3c-808c7f36fb14" />
      <TestMethod codeBase="C:/tfs/MVC2/MvcContactsTDD/cs/MvcContacts/MvcContacts.Tests/bin/Debug/MvcContacts.Tests.DLL" adapterTypeName="Microsoft.VisualStudio.TestTools.TestTypes.Unit.UnitTestAdapter, Microsoft.VisualStudio.QualityTools.Tips.UnitTest.Adapter, Version=10.0.0.0, Culture=neutral, PublicKeyToken=b03f5f7f11d50a3a" className="MvcContacts.Tests.Controllers.HomeControllerTest, MvcContacts.Tests, Version=1.0.0.0, Culture=neutral, PublicKeyToken=null" name="Index_Get_RetrievesAllContactsFromRepository" />
    </UnitTest>
    <UnitTest name="Create_Post_PutsValidContactIntoRepository" storage="c:\tfs\mvc2\mvccontactstdd\cs\mvccontacts\mvccontacts.tests\bin\debug\mvccontacts.tests.dll" id="902de969-81e2-084b-f359-e6176d358789">
      <Execution id="45b202eb-91b4-43e9-8f05-c56b1fb17a84" />
      <TestMethod codeBase="C:/tfs/MVC2/MvcContactsTDD/cs/MvcContacts/MvcContacts.Tests/bin/Debug/MvcContacts.Tests.DLL" adapterTypeName="Microsoft.VisualStudio.TestTools.TestTypes.Unit.UnitTestAdapter, Microsoft.VisualStudio.QualityTools.Tips.UnitTest.Adapter, Version=10.0.0.0, Culture=neutral, PublicKeyToken=b03f5f7f11d50a3a" className="MvcContacts.Tests.Controllers.HomeControllerTest, MvcContacts.Tests, Version=1.0.0.0, Culture=neutral, PublicKeyToken=null" name="Create_Post_PutsValidContactIntoRepository" />
    </UnitTest>
    <UnitTest name="Create_Post_ReturnsViewIfRepositoryThrowsException" storage="c:\tfs\mvc2\mvccontactstdd\cs\mvccontacts\mvccontacts.tests\bin\debug\mvccontacts.tests.dll" id="da9c792e-8864-3616-8e4a-5c365fb5d76e">
      <Execution id="d6e41166-d434-4a6c-995c-022e1c934046" />
      <TestMethod codeBase="C:/tfs/MVC2/MvcContactsTDD/cs/MvcContacts/MvcContacts.Tests/bin/Debug/MvcContacts.Tests.DLL" adapterTypeName="Microsoft.VisualStudio.TestTools.TestTypes.Unit.UnitTestAdapter, Microsoft.VisualStudio.QualityTools.Tips.UnitTest.Adapter, Version=10.0.0.0, Culture=neutral, PublicKeyToken=b03f5f7f11d50a3a" className="MvcContacts.Tests.Controllers.HomeControllerTest, MvcContacts.Tests, Version=1.0.0.0, Culture=neutral, PublicKeyToken=null" name="Create_Post_ReturnsViewIfRepositoryThrowsException" />
    </UnitTest>
  </TestDefinitions>
  <TestLists>
    <TestList name="Results Not in a List" id="8c84fa94-04c1-424b-9868-57a2d4851a1d" />
    <TestList name="All Loaded Results" id="19431567-8539-422a-85d7-44ee4e166bda" />
  </TestLists>
  <TestEntries>
    <TestEntry testId="14b29928-f16b-4832-0c8d-d28b951b9705" executionId="137c02b8-917d-4bf3-a317-319c946f3d6c" testListId="8c84fa94-04c1-424b-9868-57a2d4851a1d" />
    <TestEntry testId="67c69ea6-0d39-9f1f-c761-e89de54393f6" executionId="18547a78-4dd9-4af0-8492-76725674d9c5" testListId="8c84fa94-04c1-424b-9868-57a2d4851a1d" />
    <TestEntry testId="902de969-81e2-084b-f359-e6176d358789" executionId="45b202eb-91b4-43e9-8f05-c56b1fb17a84" testListId="8c84fa94-04c1-424b-9868-57a2d4851a1d" />
    <TestEntry testId="b70e5ebc-8a25-4da1-faa9-0046ca2e1e9c" executionId="9bc4281e-527c-48a3-b087-4ab2f4823c80" testListId="8c84fa94-04c1-424b-9868-57a2d4851a1d" />
    <TestEntry testId="da9c792e-8864-3616-8e4a-5c365fb5d76e" executionId="d6e41166-d434-4a6c-995c-022e1c934046" testListId="8c84fa94-04c1-424b-9868-57a2d4851a1d" />
    <TestEntry testId="e8fe0c79-e434-d16c-c193-74a50c73feb0" executionId="7a518ece-addd-43dc-ab3c-808c7f36fb14" testListId="8c84fa94-04c1-424b-9868-57a2d4851a1d" />
  </TestEntries>
  <Results>
    <UnitTestResult executionId="137c02b8-917d-4bf3-a317-319c946f3d6c" testId="14b29928-f16b-4832-0c8d-d28b951b9705" testName="Create_Post_ReturnsRedirectOnSuccess" computerName="RVR2E" duration="00:00:00.0276009" startTime="2010-10-12T15:15:47.6815271-07:00" endTime="2010-10-12T15:15:48.1018521-07:00" testType="13cdc9d9-ddb5-4fa4-a97d-d965ccfc6d4b" outcome="Passed" testListId="8c84fa94-04c1-424b-9868-57a2d4851a1d" relativeResultsDirectory="137c02b8-917d-4bf3-a317-319c946f3d6c">
    </UnitTestResult>
    <UnitTestResult executionId="18547a78-4dd9-4af0-8492-76725674d9c5" testId="67c69ea6-0d39-9f1f-c761-e89de54393f6" testName="Create_Post_ReturnsViewIfModelStateIsNotValid" computerName="RVR2E" duration="00:00:00.0008347" startTime="2010-10-12T15:15:48.1047846-07:00" endTime="2010-10-12T15:15:48.1243346-07:00" testType="13cdc9d9-ddb5-4fa4-a97d-d965ccfc6d4b" outcome="Passed" testListId="8c84fa94-04c1-424b-9868-57a2d4851a1d" relativeResultsDirectory="18547a78-4dd9-4af0-8492-76725674d9c5">
    </UnitTestResult>
    <UnitTestResult executionId="45b202eb-91b4-43e9-8f05-c56b1fb17a84" testId="902de969-81e2-084b-f359-e6176d358789" testName="Create_Post_PutsValidContactIntoRepository" computerName="RVR2E" duration="00:00:00.0029651" startTime="2010-10-12T15:15:48.1311771-07:00" endTime="2010-10-12T15:15:48.1419296-07:00" testType="13cdc9d9-ddb5-4fa4-a97d-d965ccfc6d4b" outcome="Passed" testListId="8c84fa94-04c1-424b-9868-57a2d4851a1d" relativeResultsDirectory="45b202eb-91b4-43e9-8f05-c56b1fb17a84">
    </UnitTestResult>
    <UnitTestResult executionId="9bc4281e-527c-48a3-b087-4ab2f4823c80" testId="b70e5ebc-8a25-4da1-faa9-0046ca2e1e9c" testName="Index_Get_AsksForIndexView" computerName="RVR2E" duration="00:00:00.0024662" startTime="2010-10-12T15:15:48.1477946-07:00" endTime="2010-10-12T15:15:48.1575696-07:00" testType="13cdc9d9-ddb5-4fa4-a97d-d965ccfc6d4b" outcome="Passed" testListId="8c84fa94-04c1-424b-9868-57a2d4851a1d" relativeResultsDirectory="9bc4281e-527c-48a3-b087-4ab2f4823c80">
    </UnitTestResult>
    <UnitTestResult executionId="d6e41166-d434-4a6c-995c-022e1c934046" testId="da9c792e-8864-3616-8e4a-5c365fb5d76e" testName="Create_Post_ReturnsViewIfRepositoryThrowsException" computerName="RVR2E" duration="00:00:00.0030065" startTime="2010-10-12T15:15:48.1634346-07:00" endTime="2010-10-12T15:15:48.1732096-07:00" testType="13cdc9d9-ddb5-4fa4-a97d-d965ccfc6d4b" outcome="Passed" testListId="8c84fa94-04c1-424b-9868-57a2d4851a1d" relativeResultsDirectory="d6e41166-d434-4a6c-995c-022e1c934046">
    </UnitTestResult>
    <UnitTestResult executionId="7a518ece-addd-43dc-ab3c-808c7f36fb14" testId="e8fe0c79-e434-d16c-c193-74a50c73feb0" testName="Index_Get_RetrievesAllContactsFromRepository" computerName="RVR2E" duration="00:00:00.0035440" startTime="2010-10-12T15:15:48.1790746-07:00" endTime="2010-10-12T15:15:48.1917821-07:00" testType="13cdc9d9-ddb5-4fa4-a97d-d965ccfc6d4b" outcome="Passed" testListId="8c84fa94-04c1-424b-9868-57a2d4851a1d" relativeResultsDirectory="7a518ece-addd-43dc-ab3c-808c7f36fb14">
    </UnitTestResult>
  </Results>
</TestRun>