<?xml version="1.0" encoding="UTF-8"?>
<TestRun id="f7ff6f7b-4cc7-4796-94c9-8e9557b32769" name="Rajani@RAJANIDELL 2012-08-06 15:58:49" runUser="RajaniDell\Rajani" xmlns="http://microsoft.com/schemas/VisualStudio/TeamTest/2010">
  <TestSettings name="Default Test Settings" id="908fd7fe-8cfd-4e0b-8208-72552f843943">
    <Deployment runDeploymentRoot="Rajani_RAJANIDELL 2012-08-06 15_58_49">
      <DeploymentItem filename="C:\Users\Rajani\Desktop\MVC\MvcBasicWalkthrough\MvcBasicWalkthrough\bin\MvcBasicWalkthrough.dll" />
    </Deployment>
    <Execution>
      <TestTypeSpecific />
      <AgentRule name="Execution Agents">
      </AgentRule>
    </Execution>
  </TestSettings>
  <Times creation="2012-08-06T15:58:49.9128515+05:30" queuing="2012-08-06T15:58:50.0844518+05:30" start="2012-08-06T15:58:50.1000518+05:30" finish="2012-08-06T15:58:50.5212526+05:30" />
  <ResultSummary outcome="Completed">
    <Counters total="18" executed="18" passed="18" error="0" failed="0" timeout="0" aborted="0" inconclusive="0" passedButRunAborted="0" notRunnable="0" notExecuted="0" disconnected="0" warning="0" completed="0" inProgress="0" pending="0" />
  </ResultSummary>
  <TestDefinitions>
    <UnitTest name="Register_Post_ReturnsViewIfRegistrationFails" storage="c:\users\rajani\desktop\mvc\mvcbasicwalkthrough\mvcbasicwalkthrough.tests\bin\debug\mvcbasicwalkthrough.tests.dll" id="29b2e7ba-5b8d-e774-c5cb-e34f3215262e">
      <Execution id="579b6629-5f34-407e-b8ed-bc9a809382ce" />
      <TestMethod codeBase="C:/Users/Rajani/Desktop/MVC/MvcBasicWalkthrough/MvcBasicWalkthrough.Tests/bin/Debug/MvcBasicWalkthrough.Tests.DLL" adapterTypeName="Microsoft.VisualStudio.TestTools.TestTypes.Unit.UnitTestAdapter, Microsoft.VisualStudio.QualityTools.Tips.UnitTest.Adapter, Version=10.0.0.0, Culture=neutral, PublicKeyToken=b03f5f7f11d50a3a" className="MvcBasicWalkthrough.Tests.Controllers.AccountControllerTest, MvcBasicWalkthrough.Tests, Version=1.0.0.0, Culture=neutral, PublicKeyToken=null" name="Register_Post_ReturnsViewIfRegistrationFails" />
    </UnitTest>
    <UnitTest name="LogOn_Post_ReturnsViewIfModelStateIsInvalid" storage="c:\users\rajani\desktop\mvc\mvcbasicwalkthrough\mvcbasicwalkthrough.tests\bin\debug\mvcbasicwalkthrough.tests.dll" id="c1995092-0b74-dc1a-b0ed-8918ed48f844">
      <Execution id="e52989fb-8eb4-45b7-bc40-1d48dd393760" />
      <TestMethod codeBase="C:/Users/Rajani/Desktop/MVC/MvcBasicWalkthrough/MvcBasicWalkthrough.Tests/bin/Debug/MvcBasicWalkthrough.Tests.DLL" adapterTypeName="Microsoft.VisualStudio.TestTools.TestTypes.Unit.UnitTestAdapter, Microsoft.VisualStudio.QualityTools.Tips.UnitTest.Adapter, Version=10.0.0.0, Culture=neutral, PublicKeyToken=b03f5f7f11d50a3a" className="MvcBasicWalkthrough.Tests.Controllers.AccountControllerTest, MvcBasicWalkthrough.Tests, Version=1.0.0.0, Culture=neutral, PublicKeyToken=null" name="LogOn_Post_ReturnsViewIfModelStateIsInvalid" />
    </UnitTest>
    <UnitTest name="ViewMaps" storage="c:\users\rajani\desktop\mvc\mvcbasicwalkthrough\mvcbasicwalkthrough.tests\bin\debug\mvcbasicwalkthrough.tests.dll" id="38997097-ad1e-4c07-fc22-f51324d8f24a">
      <Execution id="10517abc-62e6-4db4-b3e4-e88e77d35648" />
      <TestMethod codeBase="C:/Users/Rajani/Desktop/MVC/MvcBasicWalkthrough/MvcBasicWalkthrough.Tests/bin/Debug/MvcBasicWalkthrough.Tests.DLL" adapterTypeName="Microsoft.VisualStudio.TestTools.TestTypes.Unit.UnitTestAdapter, Microsoft.VisualStudio.QualityTools.Tips.UnitTest.Adapter, Version=10.0.0.0, Culture=neutral, PublicKeyToken=b03f5f7f11d50a3a" className="MvcBasicWalkthrough.Tests.Controllers.MapsControllerTest, MvcBasicWalkthrough.Tests, Version=1.0.0.0, Culture=neutral, PublicKeyToken=null" name="ViewMaps" />
    </UnitTest>
    <UnitTest name="ChangePassword_Post_ReturnsViewIfChangePasswordFails" storage="c:\users\rajani\desktop\mvc\mvcbasicwalkthrough\mvcbasicwalkthrough.tests\bin\debug\mvcbasicwalkthrough.tests.dll" id="33d6f6c8-860d-8a87-0f63-70c44a1a9b25">
      <Execution id="1a361e45-d62b-43ec-831b-903645772b44" />
      <TestMethod codeBase="C:/Users/Rajani/Desktop/MVC/MvcBasicWalkthrough/MvcBasicWalkthrough.Tests/bin/Debug/MvcBasicWalkthrough.Tests.DLL" adapterTypeName="Microsoft.VisualStudio.TestTools.TestTypes.Unit.UnitTestAdapter, Microsoft.VisualStudio.QualityTools.Tips.UnitTest.Adapter, Version=10.0.0.0, Culture=neutral, PublicKeyToken=b03f5f7f11d50a3a" className="MvcBasicWalkthrough.Tests.Controllers.AccountControllerTest, MvcBasicWalkthrough.Tests, Version=1.0.0.0, Culture=neutral, PublicKeyToken=null" name="ChangePassword_Post_ReturnsViewIfChangePasswordFails" />
    </UnitTest>
    <UnitTest name="Register_Post_ReturnsViewIfModelStateIsInvalid" storage="c:\users\rajani\desktop\mvc\mvcbasicwalkthrough\mvcbasicwalkthrough.tests\bin\debug\mvcbasicwalkthrough.tests.dll" id="26cb7d77-2ca8-7714-975d-b90828293759">
      <Execution id="0d6854ba-e3e9-4c0c-a128-49f3b93f3a5d" />
      <TestMethod codeBase="C:/Users/Rajani/Desktop/MVC/MvcBasicWalkthrough/MvcBasicWalkthrough.Tests/bin/Debug/MvcBasicWalkthrough.Tests.DLL" adapterTypeName="Microsoft.VisualStudio.TestTools.TestTypes.Unit.UnitTestAdapter, Microsoft.VisualStudio.QualityTools.Tips.UnitTest.Adapter, Version=10.0.0.0, Culture=neutral, PublicKeyToken=b03f5f7f11d50a3a" className="MvcBasicWalkthrough.Tests.Controllers.AccountControllerTest, MvcBasicWalkthrough.Tests, Version=1.0.0.0, Culture=neutral, PublicKeyToken=null" name="Register_Post_ReturnsViewIfModelStateIsInvalid" />
    </UnitTest>
    <UnitTest name="Register_Get_ReturnsView" storage="c:\users\rajani\desktop\mvc\mvcbasicwalkthrough\mvcbasicwalkthrough.tests\bin\debug\mvcbasicwalkthrough.tests.dll" id="d8a8a8bf-2d38-e7b3-0e7b-3fe5c7399c82">
      <Execution id="6d246129-3df2-49f2-8f26-fb09a295e467" />
      <TestMethod codeBase="C:/Users/Rajani/Desktop/MVC/MvcBasicWalkthrough/MvcBasicWalkthrough.Tests/bin/Debug/MvcBasicWalkthrough.Tests.DLL" adapterTypeName="Microsoft.VisualStudio.TestTools.TestTypes.Unit.UnitTestAdapter, Microsoft.VisualStudio.QualityTools.Tips.UnitTest.Adapter, Version=10.0.0.0, Culture=neutral, PublicKeyToken=b03f5f7f11d50a3a" className="MvcBasicWalkthrough.Tests.Controllers.AccountControllerTest, MvcBasicWalkthrough.Tests, Version=1.0.0.0, Culture=neutral, PublicKeyToken=null" name="Register_Get_ReturnsView" />
    </UnitTest>
    <UnitTest name="About" storage="c:\users\rajani\desktop\mvc\mvcbasicwalkthrough\mvcbasicwalkthrough.tests\bin\debug\mvcbasicwalkthrough.tests.dll" id="952bd711-e777-c413-0187-ee34dca803dd">
      <Execution id="d0332214-a728-499c-bd60-29798d911204" />
      <TestMethod codeBase="C:/Users/Rajani/Desktop/MVC/MvcBasicWalkthrough/MvcBasicWalkthrough.Tests/bin/Debug/MvcBasicWalkthrough.Tests.DLL" adapterTypeName="Microsoft.VisualStudio.TestTools.TestTypes.Unit.UnitTestAdapter, Microsoft.VisualStudio.QualityTools.Tips.UnitTest.Adapter, Version=10.0.0.0, Culture=neutral, PublicKeyToken=b03f5f7f11d50a3a" className="MvcBasicWalkthrough.Tests.Controllers.HomeControllerTest, MvcBasicWalkthrough.Tests, Version=1.0.0.0, Culture=neutral, PublicKeyToken=null" name="About" />
    </UnitTest>
    <UnitTest name="LogOn_Post_ReturnsRedirectOnSuccess_WithoutReturnUrl" storage="c:\users\rajani\desktop\mvc\mvcbasicwalkthrough\mvcbasicwalkthrough.tests\bin\debug\mvcbasicwalkthrough.tests.dll" id="c36c7c6b-e379-6d7c-2469-acf8366d6c8e">
      <Execution id="340c466f-867a-40af-9e32-e5441df37d6b" />
      <TestMethod codeBase="C:/Users/Rajani/Desktop/MVC/MvcBasicWalkthrough/MvcBasicWalkthrough.Tests/bin/Debug/MvcBasicWalkthrough.Tests.DLL" adapterTypeName="Microsoft.VisualStudio.TestTools.TestTypes.Unit.UnitTestAdapter, Microsoft.VisualStudio.QualityTools.Tips.UnitTest.Adapter, Version=10.0.0.0, Culture=neutral, PublicKeyToken=b03f5f7f11d50a3a" className="MvcBasicWalkthrough.Tests.Controllers.AccountControllerTest, MvcBasicWalkthrough.Tests, Version=1.0.0.0, Culture=neutral, PublicKeyToken=null" name="LogOn_Post_ReturnsRedirectOnSuccess_WithoutReturnUrl" />
    </UnitTest>
    <UnitTest name="Index" storage="c:\users\rajani\desktop\mvc\mvcbasicwalkthrough\mvcbasicwalkthrough.tests\bin\debug\mvcbasicwalkthrough.tests.dll" id="40318904-6adb-7568-9dab-1705c640e25f">
      <Execution id="5510be81-5397-424a-b228-ea56db585546" />
      <TestMethod codeBase="C:/Users/Rajani/Desktop/MVC/MvcBasicWalkthrough/MvcBasicWalkthrough.Tests/bin/Debug/MvcBasicWalkthrough.Tests.DLL" adapterTypeName="Microsoft.VisualStudio.TestTools.TestTypes.Unit.UnitTestAdapter, Microsoft.VisualStudio.QualityTools.Tips.UnitTest.Adapter, Version=10.0.0.0, Culture=neutral, PublicKeyToken=b03f5f7f11d50a3a" className="MvcBasicWalkthrough.Tests.Controllers.HomeControllerTest, MvcBasicWalkthrough.Tests, Version=1.0.0.0, Culture=neutral, PublicKeyToken=null" name="Index" />
    </UnitTest>
    <UnitTest name="ChangePasswordSuccess_ReturnsView" storage="c:\users\rajani\desktop\mvc\mvcbasicwalkthrough\mvcbasicwalkthrough.tests\bin\debug\mvcbasicwalkthrough.tests.dll" id="e4b3dcfc-7e62-8754-5dee-5f4ef38ecc68">
      <Execution id="6dc35dfd-9bb8-495f-85ac-8dad2a1dabff" />
      <TestMethod codeBase="C:/Users/Rajani/Desktop/MVC/MvcBasicWalkthrough/MvcBasicWalkthrough.Tests/bin/Debug/MvcBasicWalkthrough.Tests.DLL" adapterTypeName="Microsoft.VisualStudio.TestTools.TestTypes.Unit.UnitTestAdapter, Microsoft.VisualStudio.QualityTools.Tips.UnitTest.Adapter, Version=10.0.0.0, Culture=neutral, PublicKeyToken=b03f5f7f11d50a3a" className="MvcBasicWalkthrough.Tests.Controllers.AccountControllerTest, MvcBasicWalkthrough.Tests, Version=1.0.0.0, Culture=neutral, PublicKeyToken=null" name="ChangePasswordSuccess_ReturnsView" />
    </UnitTest>
    <UnitTest name="LogOff_LogsOutAndRedirects" storage="c:\users\rajani\desktop\mvc\mvcbasicwalkthrough\mvcbasicwalkthrough.tests\bin\debug\mvcbasicwalkthrough.tests.dll" id="a7a500f5-3de1-390d-7f6d-a9f8c13bd87c">
      <Execution id="d856ee6a-2544-49d0-b1d7-ef6e84b87055" />
      <TestMethod codeBase="C:/Users/Rajani/Desktop/MVC/MvcBasicWalkthrough/MvcBasicWalkthrough.Tests/bin/Debug/MvcBasicWalkthrough.Tests.DLL" adapterTypeName="Microsoft.VisualStudio.TestTools.TestTypes.Unit.UnitTestAdapter, Microsoft.VisualStudio.QualityTools.Tips.UnitTest.Adapter, Version=10.0.0.0, Culture=neutral, PublicKeyToken=b03f5f7f11d50a3a" className="MvcBasicWalkthrough.Tests.Controllers.AccountControllerTest, MvcBasicWalkthrough.Tests, Version=1.0.0.0, Culture=neutral, PublicKeyToken=null" name="LogOff_LogsOutAndRedirects" />
    </UnitTest>
    <UnitTest name="ChangePassword_Get_ReturnsView" storage="c:\users\rajani\desktop\mvc\mvcbasicwalkthrough\mvcbasicwalkthrough.tests\bin\debug\mvcbasicwalkthrough.tests.dll" id="df0ccc05-1459-6a63-6c05-dd9da80198da">
      <Execution id="66261eb1-3455-456d-b903-5dc1dea9c19a" />
      <TestMethod codeBase="C:/Users/Rajani/Desktop/MVC/MvcBasicWalkthrough/MvcBasicWalkthrough.Tests/bin/Debug/MvcBasicWalkthrough.Tests.DLL" adapterTypeName="Microsoft.VisualStudio.TestTools.TestTypes.Unit.UnitTestAdapter, Microsoft.VisualStudio.QualityTools.Tips.UnitTest.Adapter, Version=10.0.0.0, Culture=neutral, PublicKeyToken=b03f5f7f11d50a3a" className="MvcBasicWalkthrough.Tests.Controllers.AccountControllerTest, MvcBasicWalkthrough.Tests, Version=1.0.0.0, Culture=neutral, PublicKeyToken=null" name="ChangePassword_Get_ReturnsView" />
    </UnitTest>
    <UnitTest name="LogOn_Post_ReturnsRedirectOnSuccess_WithReturnUrl" storage="c:\users\rajani\desktop\mvc\mvcbasicwalkthrough\mvcbasicwalkthrough.tests\bin\debug\mvcbasicwalkthrough.tests.dll" id="682c728f-7979-41b9-7f86-d8e33d801bed">
      <Execution id="98e95309-9a24-4bc2-8497-f5e406ac9d2d" />
      <TestMethod codeBase="C:/Users/Rajani/Desktop/MVC/MvcBasicWalkthrough/MvcBasicWalkthrough.Tests/bin/Debug/MvcBasicWalkthrough.Tests.DLL" adapterTypeName="Microsoft.VisualStudio.TestTools.TestTypes.Unit.UnitTestAdapter, Microsoft.VisualStudio.QualityTools.Tips.UnitTest.Adapter, Version=10.0.0.0, Culture=neutral, PublicKeyToken=b03f5f7f11d50a3a" className="MvcBasicWalkthrough.Tests.Controllers.AccountControllerTest, MvcBasicWalkthrough.Tests, Version=1.0.0.0, Culture=neutral, PublicKeyToken=null" name="LogOn_Post_ReturnsRedirectOnSuccess_WithReturnUrl" />
    </UnitTest>
    <UnitTest name="LogOn_Post_ReturnsViewIfValidateUserFails" storage="c:\users\rajani\desktop\mvc\mvcbasicwalkthrough\mvcbasicwalkthrough.tests\bin\debug\mvcbasicwalkthrough.tests.dll" id="b0dd765d-c88b-8d84-7449-9c931bad3c16">
      <Execution id="784a48e9-7e5f-41d6-a2e4-e7f593bbf28b" />
      <TestMethod codeBase="C:/Users/Rajani/Desktop/MVC/MvcBasicWalkthrough/MvcBasicWalkthrough.Tests/bin/Debug/MvcBasicWalkthrough.Tests.DLL" adapterTypeName="Microsoft.VisualStudio.TestTools.TestTypes.Unit.UnitTestAdapter, Microsoft.VisualStudio.QualityTools.Tips.UnitTest.Adapter, Version=10.0.0.0, Culture=neutral, PublicKeyToken=b03f5f7f11d50a3a" className="MvcBasicWalkthrough.Tests.Controllers.AccountControllerTest, MvcBasicWalkthrough.Tests, Version=1.0.0.0, Culture=neutral, PublicKeyToken=null" name="LogOn_Post_ReturnsViewIfValidateUserFails" />
    </UnitTest>
    <UnitTest name="LogOn_Get_ReturnsView" storage="c:\users\rajani\desktop\mvc\mvcbasicwalkthrough\mvcbasicwalkthrough.tests\bin\debug\mvcbasicwalkthrough.tests.dll" id="259471d5-c94b-8c25-36ab-dfc0ecb58304">
      <Execution id="6a932ef8-5d32-46a4-9803-8249a9519909" />
      <TestMethod codeBase="C:/Users/Rajani/Desktop/MVC/MvcBasicWalkthrough/MvcBasicWalkthrough.Tests/bin/Debug/MvcBasicWalkthrough.Tests.DLL" adapterTypeName="Microsoft.VisualStudio.TestTools.TestTypes.Unit.UnitTestAdapter, Microsoft.VisualStudio.QualityTools.Tips.UnitTest.Adapter, Version=10.0.0.0, Culture=neutral, PublicKeyToken=b03f5f7f11d50a3a" className="MvcBasicWalkthrough.Tests.Controllers.AccountControllerTest, MvcBasicWalkthrough.Tests, Version=1.0.0.0, Culture=neutral, PublicKeyToken=null" name="LogOn_Get_ReturnsView" />
    </UnitTest>
    <UnitTest name="Register_Post_ReturnsRedirectOnSuccess" storage="c:\users\rajani\desktop\mvc\mvcbasicwalkthrough\mvcbasicwalkthrough.tests\bin\debug\mvcbasicwalkthrough.tests.dll" id="5bc99496-029e-aa9d-e315-7e99103875c2">
      <Execution id="d58488aa-619a-4ffd-a729-bd72eb0085dd" />
      <TestMethod codeBase="C:/Users/Rajani/Desktop/MVC/MvcBasicWalkthrough/MvcBasicWalkthrough.Tests/bin/Debug/MvcBasicWalkthrough.Tests.DLL" adapterTypeName="Microsoft.VisualStudio.TestTools.TestTypes.Unit.UnitTestAdapter, Microsoft.VisualStudio.QualityTools.Tips.UnitTest.Adapter, Version=10.0.0.0, Culture=neutral, PublicKeyToken=b03f5f7f11d50a3a" className="MvcBasicWalkthrough.Tests.Controllers.AccountControllerTest, MvcBasicWalkthrough.Tests, Version=1.0.0.0, Culture=neutral, PublicKeyToken=null" name="Register_Post_ReturnsRedirectOnSuccess" />
    </UnitTest>
    <UnitTest name="ChangePassword_Post_ReturnsViewIfModelStateIsInvalid" storage="c:\users\rajani\desktop\mvc\mvcbasicwalkthrough\mvcbasicwalkthrough.tests\bin\debug\mvcbasicwalkthrough.tests.dll" id="99015924-30ac-c7f2-83fb-a7b2829acf09">
      <Execution id="3ce3e4fe-238f-48c5-ac61-b2b35d42d00c" />
      <TestMethod codeBase="C:/Users/Rajani/Desktop/MVC/MvcBasicWalkthrough/MvcBasicWalkthrough.Tests/bin/Debug/MvcBasicWalkthrough.Tests.DLL" adapterTypeName="Microsoft.VisualStudio.TestTools.TestTypes.Unit.UnitTestAdapter, Microsoft.VisualStudio.QualityTools.Tips.UnitTest.Adapter, Version=10.0.0.0, Culture=neutral, PublicKeyToken=b03f5f7f11d50a3a" className="MvcBasicWalkthrough.Tests.Controllers.AccountControllerTest, MvcBasicWalkthrough.Tests, Version=1.0.0.0, Culture=neutral, PublicKeyToken=null" name="ChangePassword_Post_ReturnsViewIfModelStateIsInvalid" />
    </UnitTest>
    <UnitTest name="ChangePassword_Post_ReturnsRedirectOnSuccess" storage="c:\users\rajani\desktop\mvc\mvcbasicwalkthrough\mvcbasicwalkthrough.tests\bin\debug\mvcbasicwalkthrough.tests.dll" id="ea9909e9-59d4-caef-d144-d72bb971dd9e">
      <Execution id="905c54f6-d0c4-493b-a353-ca9f8a7e1d3b" />
      <TestMethod codeBase="C:/Users/Rajani/Desktop/MVC/MvcBasicWalkthrough/MvcBasicWalkthrough.Tests/bin/Debug/MvcBasicWalkthrough.Tests.DLL" adapterTypeName="Microsoft.VisualStudio.TestTools.TestTypes.Unit.UnitTestAdapter, Microsoft.VisualStudio.QualityTools.Tips.UnitTest.Adapter, Version=10.0.0.0, Culture=neutral, PublicKeyToken=b03f5f7f11d50a3a" className="MvcBasicWalkthrough.Tests.Controllers.AccountControllerTest, MvcBasicWalkthrough.Tests, Version=1.0.0.0, Culture=neutral, PublicKeyToken=null" name="ChangePassword_Post_ReturnsRedirectOnSuccess" />
    </UnitTest>
  </TestDefinitions>
  <TestLists>
    <TestList name="Results Not in a List" id="8c84fa94-04c1-424b-9868-57a2d4851a1d" />
    <TestList name="All Loaded Results" id="19431567-8539-422a-85d7-44ee4e166bda" />
  </TestLists>
  <TestEntries>
    <TestEntry testId="259471d5-c94b-8c25-36ab-dfc0ecb58304" executionId="6a932ef8-5d32-46a4-9803-8249a9519909" testListId="8c84fa94-04c1-424b-9868-57a2d4851a1d" />
    <TestEntry testId="26cb7d77-2ca8-7714-975d-b90828293759" executionId="0d6854ba-e3e9-4c0c-a128-49f3b93f3a5d" testListId="8c84fa94-04c1-424b-9868-57a2d4851a1d" />
    <TestEntry testId="29b2e7ba-5b8d-e774-c5cb-e34f3215262e" executionId="579b6629-5f34-407e-b8ed-bc9a809382ce" testListId="8c84fa94-04c1-424b-9868-57a2d4851a1d" />
    <TestEntry testId="33d6f6c8-860d-8a87-0f63-70c44a1a9b25" executionId="1a361e45-d62b-43ec-831b-903645772b44" testListId="8c84fa94-04c1-424b-9868-57a2d4851a1d" />
    <TestEntry testId="38997097-ad1e-4c07-fc22-f51324d8f24a" executionId="10517abc-62e6-4db4-b3e4-e88e77d35648" testListId="8c84fa94-04c1-424b-9868-57a2d4851a1d" />
    <TestEntry testId="40318904-6adb-7568-9dab-1705c640e25f" executionId="5510be81-5397-424a-b228-ea56db585546" testListId="8c84fa94-04c1-424b-9868-57a2d4851a1d" />
    <TestEntry testId="5bc99496-029e-aa9d-e315-7e99103875c2" executionId="d58488aa-619a-4ffd-a729-bd72eb0085dd" testListId="8c84fa94-04c1-424b-9868-57a2d4851a1d" />
    <TestEntry testId="682c728f-7979-41b9-7f86-d8e33d801bed" executionId="98e95309-9a24-4bc2-8497-f5e406ac9d2d" testListId="8c84fa94-04c1-424b-9868-57a2d4851a1d" />
    <TestEntry testId="952bd711-e777-c413-0187-ee34dca803dd" executionId="d0332214-a728-499c-bd60-29798d911204" testListId="8c84fa94-04c1-424b-9868-57a2d4851a1d" />
    <TestEntry testId="99015924-30ac-c7f2-83fb-a7b2829acf09" executionId="3ce3e4fe-238f-48c5-ac61-b2b35d42d00c" testListId="8c84fa94-04c1-424b-9868-57a2d4851a1d" />
    <TestEntry testId="a7a500f5-3de1-390d-7f6d-a9f8c13bd87c" executionId="d856ee6a-2544-49d0-b1d7-ef6e84b87055" testListId="8c84fa94-04c1-424b-9868-57a2d4851a1d" />
    <TestEntry testId="b0dd765d-c88b-8d84-7449-9c931bad3c16" executionId="784a48e9-7e5f-41d6-a2e4-e7f593bbf28b" testListId="8c84fa94-04c1-424b-9868-57a2d4851a1d" />
    <TestEntry testId="c1995092-0b74-dc1a-b0ed-8918ed48f844" executionId="e52989fb-8eb4-45b7-bc40-1d48dd393760" testListId="8c84fa94-04c1-424b-9868-57a2d4851a1d" />
    <TestEntry testId="c36c7c6b-e379-6d7c-2469-acf8366d6c8e" executionId="340c466f-867a-40af-9e32-e5441df37d6b" testListId="8c84fa94-04c1-424b-9868-57a2d4851a1d" />
    <TestEntry testId="d8a8a8bf-2d38-e7b3-0e7b-3fe5c7399c82" executionId="6d246129-3df2-49f2-8f26-fb09a295e467" testListId="8c84fa94-04c1-424b-9868-57a2d4851a1d" />
    <TestEntry testId="df0ccc05-1459-6a63-6c05-dd9da80198da" executionId="66261eb1-3455-456d-b903-5dc1dea9c19a" testListId="8c84fa94-04c1-424b-9868-57a2d4851a1d" />
    <TestEntry testId="e4b3dcfc-7e62-8754-5dee-5f4ef38ecc68" executionId="6dc35dfd-9bb8-495f-85ac-8dad2a1dabff" testListId="8c84fa94-04c1-424b-9868-57a2d4851a1d" />
    <TestEntry testId="ea9909e9-59d4-caef-d144-d72bb971dd9e" executionId="905c54f6-d0c4-493b-a353-ca9f8a7e1d3b" testListId="8c84fa94-04c1-424b-9868-57a2d4851a1d" />
  </TestEntries>
  <Results>
    <UnitTestResult executionId="6a932ef8-5d32-46a4-9803-8249a9519909" testId="259471d5-c94b-8c25-36ab-dfc0ecb58304" testName="LogOn_Get_ReturnsView" computerName="RAJANIDELL" duration="00:00:00.0178971" startTime="2012-08-06T15:58:50.1000518+05:30" endTime="2012-08-06T15:58:50.3808523+05:30" testType="13cdc9d9-ddb5-4fa4-a97d-d965ccfc6d4b" outcome="Passed" testListId="8c84fa94-04c1-424b-9868-57a2d4851a1d" relativeResultsDirectory="6a932ef8-5d32-46a4-9803-8249a9519909">
    </UnitTestResult>
    <UnitTestResult executionId="0d6854ba-e3e9-4c0c-a128-49f3b93f3a5d" testId="26cb7d77-2ca8-7714-975d-b90828293759" testName="Register_Post_ReturnsViewIfModelStateIsInvalid" computerName="RAJANIDELL" duration="00:00:00.0015942" startTime="2012-08-06T15:58:50.3808523+05:30" endTime="2012-08-06T15:58:50.3964523+05:30" testType="13cdc9d9-ddb5-4fa4-a97d-d965ccfc6d4b" outcome="Passed" testListId="8c84fa94-04c1-424b-9868-57a2d4851a1d" relativeResultsDirectory="0d6854ba-e3e9-4c0c-a128-49f3b93f3a5d">
    </UnitTestResult>
    <UnitTestResult executionId="579b6629-5f34-407e-b8ed-bc9a809382ce" testId="29b2e7ba-5b8d-e774-c5cb-e34f3215262e" testName="Register_Post_ReturnsViewIfRegistrationFails" computerName="RAJANIDELL" duration="00:00:00.0011720" startTime="2012-08-06T15:58:50.3964523+05:30" endTime="2012-08-06T15:58:50.3964523+05:30" testType="13cdc9d9-ddb5-4fa4-a97d-d965ccfc6d4b" outcome="Passed" testListId="8c84fa94-04c1-424b-9868-57a2d4851a1d" relativeResultsDirectory="579b6629-5f34-407e-b8ed-bc9a809382ce">
    </UnitTestResult>
    <UnitTestResult executionId="1a361e45-d62b-43ec-831b-903645772b44" testId="33d6f6c8-860d-8a87-0f63-70c44a1a9b25" testName="ChangePassword_Post_ReturnsViewIfChangePasswordFails" computerName="RAJANIDELL" duration="00:00:00.0016902" startTime="2012-08-06T15:58:50.3964523+05:30" endTime="2012-08-06T15:58:50.4120524+05:30" testType="13cdc9d9-ddb5-4fa4-a97d-d965ccfc6d4b" outcome="Passed" testListId="8c84fa94-04c1-424b-9868-57a2d4851a1d" relativeResultsDirectory="1a361e45-d62b-43ec-831b-903645772b44">
    </UnitTestResult>
    <UnitTestResult executionId="10517abc-62e6-4db4-b3e4-e88e77d35648" testId="38997097-ad1e-4c07-fc22-f51324d8f24a" testName="ViewMaps" computerName="RAJANIDELL" duration="00:00:00.0005916" startTime="2012-08-06T15:58:50.4120524+05:30" endTime="2012-08-06T15:58:50.4120524+05:30" testType="13cdc9d9-ddb5-4fa4-a97d-d965ccfc6d4b" outcome="Passed" testListId="8c84fa94-04c1-424b-9868-57a2d4851a1d" relativeResultsDirectory="10517abc-62e6-4db4-b3e4-e88e77d35648">
    </UnitTestResult>
    <UnitTestResult executionId="5510be81-5397-424a-b228-ea56db585546" testId="40318904-6adb-7568-9dab-1705c640e25f" testName="Index" computerName="RAJANIDELL" duration="00:00:00.0006627" startTime="2012-08-06T15:58:50.4120524+05:30" endTime="2012-08-06T15:58:50.4120524+05:30" testType="13cdc9d9-ddb5-4fa4-a97d-d965ccfc6d4b" outcome="Passed" testListId="8c84fa94-04c1-424b-9868-57a2d4851a1d" relativeResultsDirectory="5510be81-5397-424a-b228-ea56db585546">
    </UnitTestResult>
    <UnitTestResult executionId="d58488aa-619a-4ffd-a729-bd72eb0085dd" testId="5bc99496-029e-aa9d-e315-7e99103875c2" testName="Register_Post_ReturnsRedirectOnSuccess" computerName="RAJANIDELL" duration="00:00:00.0006733" startTime="2012-08-06T15:58:50.4276524+05:30" endTime="2012-08-06T15:58:50.4276524+05:30" testType="13cdc9d9-ddb5-4fa4-a97d-d965ccfc6d4b" outcome="Passed" testListId="8c84fa94-04c1-424b-9868-57a2d4851a1d" relativeResultsDirectory="d58488aa-619a-4ffd-a729-bd72eb0085dd">
    </UnitTestResult>
    <UnitTestResult executionId="98e95309-9a24-4bc2-8497-f5e406ac9d2d" testId="682c728f-7979-41b9-7f86-d8e33d801bed" testName="LogOn_Post_ReturnsRedirectOnSuccess_WithReturnUrl" computerName="RAJANIDELL" duration="00:00:00.0015409" startTime="2012-08-06T15:58:50.4276524+05:30" endTime="2012-08-06T15:58:50.4276524+05:30" testType="13cdc9d9-ddb5-4fa4-a97d-d965ccfc6d4b" outcome="Passed" testListId="8c84fa94-04c1-424b-9868-57a2d4851a1d" relativeResultsDirectory="98e95309-9a24-4bc2-8497-f5e406ac9d2d">
    </UnitTestResult>
    <UnitTestResult executionId="d0332214-a728-499c-bd60-29798d911204" testId="952bd711-e777-c413-0187-ee34dca803dd" testName="About" computerName="RAJANIDELL" duration="00:00:00.0002967" startTime="2012-08-06T15:58:50.4276524+05:30" endTime="2012-08-06T15:58:50.4432524+05:30" testType="13cdc9d9-ddb5-4fa4-a97d-d965ccfc6d4b" outcome="Passed" testListId="8c84fa94-04c1-424b-9868-57a2d4851a1d" relativeResultsDirectory="d0332214-a728-499c-bd60-29798d911204">
    </UnitTestResult>
    <UnitTestResult executionId="3ce3e4fe-238f-48c5-ac61-b2b35d42d00c" testId="99015924-30ac-c7f2-83fb-a7b2829acf09" testName="ChangePassword_Post_ReturnsViewIfModelStateIsInvalid" computerName="RAJANIDELL" duration="00:00:00.0006490" startTime="2012-08-06T15:58:50.4432524+05:30" endTime="2012-08-06T15:58:50.4432524+05:30" testType="13cdc9d9-ddb5-4fa4-a97d-d965ccfc6d4b" outcome="Passed" testListId="8c84fa94-04c1-424b-9868-57a2d4851a1d" relativeResultsDirectory="3ce3e4fe-238f-48c5-ac61-b2b35d42d00c">
    </UnitTestResult>
    <UnitTestResult executionId="d856ee6a-2544-49d0-b1d7-ef6e84b87055" testId="a7a500f5-3de1-390d-7f6d-a9f8c13bd87c" testName="LogOff_LogsOutAndRedirects" computerName="RAJANIDELL" duration="00:00:00.0006153" startTime="2012-08-06T15:58:50.4432524+05:30" endTime="2012-08-06T15:58:50.4432524+05:30" testType="13cdc9d9-ddb5-4fa4-a97d-d965ccfc6d4b" outcome="Passed" testListId="8c84fa94-04c1-424b-9868-57a2d4851a1d" relativeResultsDirectory="d856ee6a-2544-49d0-b1d7-ef6e84b87055">
    </UnitTestResult>
    <UnitTestResult executionId="784a48e9-7e5f-41d6-a2e4-e7f593bbf28b" testId="b0dd765d-c88b-8d84-7449-9c931bad3c16" testName="LogOn_Post_ReturnsViewIfValidateUserFails" computerName="RAJANIDELL" duration="00:00:00.0004945" startTime="2012-08-06T15:58:50.4432524+05:30" endTime="2012-08-06T15:58:50.4588524+05:30" testType="13cdc9d9-ddb5-4fa4-a97d-d965ccfc6d4b" outcome="Passed" testListId="8c84fa94-04c1-424b-9868-57a2d4851a1d" relativeResultsDirectory="784a48e9-7e5f-41d6-a2e4-e7f593bbf28b">
    </UnitTestResult>
    <UnitTestResult executionId="e52989fb-8eb4-45b7-bc40-1d48dd393760" testId="c1995092-0b74-dc1a-b0ed-8918ed48f844" testName="LogOn_Post_ReturnsViewIfModelStateIsInvalid" computerName="RAJANIDELL" duration="00:00:00.0003867" startTime="2012-08-06T15:58:50.4588524+05:30" endTime="2012-08-06T15:58:50.4588524+05:30" testType="13cdc9d9-ddb5-4fa4-a97d-d965ccfc6d4b" outcome="Passed" testListId="8c84fa94-04c1-424b-9868-57a2d4851a1d" relativeResultsDirectory="e52989fb-8eb4-45b7-bc40-1d48dd393760">
    </UnitTestResult>
    <UnitTestResult executionId="340c466f-867a-40af-9e32-e5441df37d6b" testId="c36c7c6b-e379-6d7c-2469-acf8366d6c8e" testName="LogOn_Post_ReturnsRedirectOnSuccess_WithoutReturnUrl" computerName="RAJANIDELL" duration="00:00:00.0004589" startTime="2012-08-06T15:58:50.4588524+05:30" endTime="2012-08-06T15:58:50.4588524+05:30" testType="13cdc9d9-ddb5-4fa4-a97d-d965ccfc6d4b" outcome="Passed" testListId="8c84fa94-04c1-424b-9868-57a2d4851a1d" relativeResultsDirectory="340c466f-867a-40af-9e32-e5441df37d6b">
    </UnitTestResult>
    <UnitTestResult executionId="6d246129-3df2-49f2-8f26-fb09a295e467" testId="d8a8a8bf-2d38-e7b3-0e7b-3fe5c7399c82" testName="Register_Get_ReturnsView" computerName="RAJANIDELL" duration="00:00:00.0005158" startTime="2012-08-06T15:58:50.4744525+05:30" endTime="2012-08-06T15:58:50.4744525+05:30" testType="13cdc9d9-ddb5-4fa4-a97d-d965ccfc6d4b" outcome="Passed" testListId="8c84fa94-04c1-424b-9868-57a2d4851a1d" relativeResultsDirectory="6d246129-3df2-49f2-8f26-fb09a295e467">
    </UnitTestResult>
    <UnitTestResult executionId="66261eb1-3455-456d-b903-5dc1dea9c19a" testId="df0ccc05-1459-6a63-6c05-dd9da80198da" testName="ChangePassword_Get_ReturnsView" computerName="RAJANIDELL" duration="00:00:00.0005176" startTime="2012-08-06T15:58:50.4744525+05:30" endTime="2012-08-06T15:58:50.4744525+05:30" testType="13cdc9d9-ddb5-4fa4-a97d-d965ccfc6d4b" outcome="Passed" testListId="8c84fa94-04c1-424b-9868-57a2d4851a1d" relativeResultsDirectory="66261eb1-3455-456d-b903-5dc1dea9c19a">
    </UnitTestResult>
    <UnitTestResult executionId="6dc35dfd-9bb8-495f-85ac-8dad2a1dabff" testId="e4b3dcfc-7e62-8754-5dee-5f4ef38ecc68" testName="ChangePasswordSuccess_ReturnsView" computerName="RAJANIDELL" duration="00:00:00.0003440" startTime="2012-08-06T15:58:50.4744525+05:30" endTime="2012-08-06T15:58:50.4900525+05:30" testType="13cdc9d9-ddb5-4fa4-a97d-d965ccfc6d4b" outcome="Passed" testListId="8c84fa94-04c1-424b-9868-57a2d4851a1d" relativeResultsDirectory="6dc35dfd-9bb8-495f-85ac-8dad2a1dabff">
    </UnitTestResult>
    <UnitTestResult executionId="905c54f6-d0c4-493b-a353-ca9f8a7e1d3b" testId="ea9909e9-59d4-caef-d144-d72bb971dd9e" testName="ChangePassword_Post_ReturnsRedirectOnSuccess" computerName="RAJANIDELL" duration="00:00:00.0003784" startTime="2012-08-06T15:58:50.4900525+05:30" endTime="2012-08-06T15:58:50.4900525+05:30" testType="13cdc9d9-ddb5-4fa4-a97d-d965ccfc6d4b" outcome="Passed" testListId="8c84fa94-04c1-424b-9868-57a2d4851a1d" relativeResultsDirectory="905c54f6-d0c4-493b-a353-ca9f8a7e1d3b">
    </UnitTestResult>
  </Results>
</TestRun>